// Vitest Snapshot v1, https://vitest.dev/guide/snapshot.html

exports[`BccGraphic > renders link out with custom icon 1`] = `
"<div class="bcc-graphic" style="padding-bottom: 56.25%;">
  <div class="bcc-graphic-open-in"><svg aria-hidden="true" viewBox="0 -960 960 960" fill="currentColor" class="bcc-graphic-open-in-icon">
      <path d="M200-280q-33 0-56.5-23.5T120-360v-240q0-33 23.5-56.5T200-680h560q33 0 56.5 23.5T840-600v240q0 33-23.5 56.5T760-280H200Zm0-80h560v-240H200v240Zm-41-400q-17 0-28-11.5T120-800q0-17 11.5-28.5T160-840h641q17 0 28 11.5t11 28.5q0 17-11.5 28.5T800-760H159Zm0 640q-17 0-28-11.5T120-160q0-17 11.5-28.5T160-200h641q17 0 28 11.5t11 28.5q0 17-11.5 28.5T800-120H159Zm41-480v240-240Z"></path>
    </svg></div>
  <!--v-if-->
  <div class="bcc-graphic-poster rounded-xl absolute" style="padding-bottom: 56.25%;"><img src="https://event.bcc.no/wp-content/uploads/2023/10/Background-7.png" defer="" class="bcc-graphic-poster-banner rounded-xl" style="display: none;">
    <div class="bcc-graphic-poster-banner bcc-graphic-poster-banner--loading rounded-xl"></div><img src="https://event.bcc.no/wp-content/uploads/2023/11/BUK4_Logo-Main.svg" defer="" class="bcc-graphic-poster-logo" style="display: none;">
    <div class="bcc-graphic-poster-logo bcc-graphic-poster-logo--loading"></div>
  </div>
</div>"
`;
