// Vitest Snapshot v1, https://vitest.dev/guide/snapshot.html

exports[`BccAlert > renders an alert 1`] = `
"<transition-stub name=\\"bcc-fade\\" appear=\\"false\\" persisted=\\"false\\" css=\\"true\\">
  <div class=\\"bcc-alert\\">
    <!--v-if-->
    <div class=\\"bcc-alert-content\\">
      <h3 class=\\"bcc-alert-title\\">Alert title</h3>
      <p>Alert content</p>
    </div>
    <!--v-if-->
  </div>
</transition-stub>"
`;
