// Vitest Snapshot v1

exports[`BccInput > renders a text from the default slot 1`] = `"<span class=\\"inline-flex flex-col space-y-2\\"><div><!--v-if--><span class=\\"bcc-input-optional float-right\\"></span></div><input class=\\"bcc-input\\"><span class=\\"bcc-input-message-default\\">Test message</span></span>"`;
